[backblue.gif]
[fade.gif]
[index.html]
[www.ais.fju.edu.tw/js/login.js]
[www.ais.fju.edu.tw/js/jquery-1.9.1.min.js]
[www.ais.fju.edu.tw/js/jquery-1.8.3.js]
[www.ais.fju.edu.tw/js/external.js]
[www.ais.fju.edu.tw/js/gallery.js]
[www.ais.fju.edu.tw/js/jquery.tools.min.js]
[www.ais.fju.edu.tw/layout/oneorange/js/abgne.js]
[www.ais.fju.edu.tw/js/timepicker.js]
[www.ais.fju.edu.tw/image/logo/logo1.png]
[www.ais.fju.edu.tw/image/showImg/showImg_2021_0902_0853.jpg]
[www.ais.fju.edu.tw/image/showImg/showImg_2024_1108_1002.jpg]
[code.jquery.com/ui/1.10.3/jquery-ui.js]
[www.ais.fju.edu.tw/image/showImg/showImg_2024_1108_1004.jpg]
[www.ais.fju.edu.tw/image/showImg/showImg_2020_1110_1025.jpg]
[www.ais.fju.edu.tw/image/showImg/showImg_2021_0902_0856.jpg]
[www.ais.fju.edu.tw/image/showImg/showImg_2021_0902_1009.jpg]
[www.ais.fju.edu.tw/image/logo/footlogo.png]
[www.ais.fju.edu.tw/layout/oneorange/image/footericon1.png]
[www.ais.fju.edu.tw/layout/oneorange/image/footericon2.png]
[www.ais.fju.edu.tw/layout/oneorange/image/footericon3.png]
[www.ais.fju.edu.tw/layout/oneorange/vvindex.html]
[www.ais.fju.edu.tw/layout/oneorange/image/toplinkhome.png]
[www.ais.fju.edu.tw/layout/oneorange/image/toplinklogin.png]
[www.ais.fju.edu.tw/layout/oneorange/image/toplinkgear.png]
[www.ais.fju.edu.tw/layout/oneorange/image/toplinkline.png]
[www.ais.fju.edu.tw/layout/oneorange/image/ora_boxbg2.gif]
[www.ais.fju.edu.tw/layout/oneorange/image/ora_enter.gif]
[www.ais.fju.edu.tw/layout/oneorange/image/ora_enter1.gif]
[www.ais.fju.edu.tw/layout/oneorange/image/ora_enter2.gif]
[www.ais.fju.edu.tw/layout/oneorange/image/ora_enter3.gif]
[www.ais.fju.edu.tw/layout/oneorange/image/ora_enter4.gif]
[www.ais.fju.edu.tw/layout/oneorange/image/ora_enter5.gif]
[www.ais.fju.edu.tw/layout/oneorange/image/ora_enter1h.gif]
[www.ais.fju.edu.tw/layout/oneorange/image/ora_enter2h.gif]
[www.ais.fju.edu.tw/layout/oneorange/image/ora_enter3h.gif]
[www.ais.fju.edu.tw/layout/oneorange/image/ora_enter4h.gif]
[www.ais.fju.edu.tw/layout/oneorange/image/ora_enter5h.gif]
[www.ais.fju.edu.tw/layout/oneorange/image/ora_boxbg.png]
[www.ais.fju.edu.tw/layout/oneorange/image/ora_deco.gif]
[www.ais.fju.edu.tw/layout/oneorange/image/ora_more.gif]
[www.ais.fju.edu.tw/layout/oneorange/image/ora_youtube.gif]
[www.ais.fju.edu.tw/layout/oneorange/image/footerpaper.png]
[www.ais.fju.edu.tw/layout/oneorange/image/loginbg.png]
[www.ais.fju.edu.tw/layout/oneorange/image/bg_titlebar02.gif]
[www.ais.fju.edu.tw/layout/oneorange/image/bg_box01.gif]
[www.ais.fju.edu.tw/layout/oneorange/image/boxbg.png]
[www.ais.fju.edu.tw/layout/oneorange/image/tr_bck.gif]
[www.ais.fju.edu.tw/layout/oneorange/image/sitemap.png]
[www.ais.fju.edu.tw/layout/oneorange/image/ico_arrow.gif]
[www.ais.fju.edu.tw/layout/oneorange/image/hori_large.png]
[www.ais.fju.edu.tw/layout/oneorange/image/arrows2.png]
[www.ais.fju.edu.tw/layout/oneorange/css/style.css]
[www.ais.fju.edu.tw/layout/oneorange/image/scroll_arrow.png]
[www.ais.fju.edu.tw/layout/oneorange/image/arrow_top.png]
[www.ais.fju.edu.tw/layout/oneorange/image/arrow_top2.png]
[www.ais.fju.edu.tw/layout/oneorange/image/enterpop1.png]
[www.ais.fju.edu.tw/layout/oneorange/css/gallery.css]
[www.ais.fju.edu.tw/css/timepicker.css]
[www.ais.fju.edu.tw/layout/oneorange/js/coin-slider.min.html]
[www.ais.fju.edu.tw/layout/oneorange/vvindex4d61.html]
[www.ais.fju.edu.tw/layout/oneorange/css/css/PIE.html]
[www.ais.fju.edu.tw/layout/oneorange/image/index.html]
[www.ais.fju.edu.tw/layout/oneorange/image/titlebg.html]
[www.ais.fju.edu.tw/media/img/gradient/h300.html]
[www.ais.fju.edu.tw/layout/oneorange/image/oraen_enter.gif]
[www.ais.fju.edu.tw/layout/oneorange/image/oraen_enter1.gif]
[www.ais.fju.edu.tw/layout/oneorange/image/oraen_enter2.gif]
[www.ais.fju.edu.tw/layout/oneorange/image/oraen_enter3.gif]
[www.ais.fju.edu.tw/layout/oneorange/image/oraen_enter4.gif]
[www.ais.fju.edu.tw/layout/oneorange/image/oraen_enter5.gif]
[www.ais.fju.edu.tw/layout/oneorange/image/oraen_enter1h.gif]
[www.ais.fju.edu.tw/layout/oneorange/image/oraen_enter2h.gif]
[www.ais.fju.edu.tw/layout/oneorange/image/oraen_enter3h.gif]
[www.ais.fju.edu.tw/layout/oneorange/image/oraen_enter4h.gif]
[www.ais.fju.edu.tw/layout/oneorange/image/oraen_enter5h.gif]
[www.ais.fju.edu.tw/layout/oneorange/css/style_EN.css]
[www.ais.fju.edu.tw/image/jqueryui/ui-bg_gloss-wave_35_f6a828_500x100.png]
[www.ais.fju.edu.tw/image/jqueryui/ui-bg_glass_100_fdf5ce_1x400.png]
[www.ais.fju.edu.tw/image/jqueryui/ui-icons_ffffff_256x240.png]
[www.ais.fju.edu.tw/image/jqueryui/ui-icons_888888_256x240.png]
[www.ais.fju.edu.tw/image/jqueryui/ui-icons_ef8c08_256x240.png]
[www.ais.fju.edu.tw/css/jquery-ui.css]
[www.ais.fju.edu.tw/css/images/animated-overlay.html]
[www.ais.fju.edu.tw/css/images/ui-bg_flat_75_ffffff_40x100.html]
[www.ais.fju.edu.tw/css/images/ui-bg_glass_55_fbf9ee_1x400.html]
[www.ais.fju.edu.tw/css/images/ui-bg_glass_95_fef1ec_1x400.html]
[www.ais.fju.edu.tw/css/images/ui-icons_222222_256x240.html]
[www.ais.fju.edu.tw/image/jqueryui/ui-icons_454545_256x240.html]
[www.ais.fju.edu.tw/image/jqueryui/ui-icons_2e83ff_256x240.html]
[www.ais.fju.edu.tw/image/jqueryui/ui-icons_cd0a0a_256x240.html]
[www.ais.fju.edu.tw/image/jqueryui/ui-bg_flat_0_aaaaaa_40x100.html]
